Archive member included to satisfy reference by file (symbol)

/opt/arm/arm-gnu-toolchain-12.2.rel1-x86_64-arm-none-eabi/bin/../lib/gcc/arm-none-eabi/12.2.1/thumb/v8-m.main+fp/hard/libgcc.a(_aeabi_ldivmod.o)
                              CMakeFiles/freertos_hello.elf.dir/project/sdk/devices/LPC5536/drivers/fsl_clock.c.obj (__aeabi_ldivmod)
/opt/arm/arm-gnu-toolchain-12.2.rel1-x86_64-arm-none-eabi/bin/../lib/gcc/arm-none-eabi/12.2.1/thumb/v8-m.main+fp/hard/libgcc.a(_aeabi_uldivmod.o)
                              CMakeFiles/freertos_hello.elf.dir/project/sdk/devices/LPC5536/drivers/fsl_clock.c.obj (__aeabi_uldivmod)
/opt/arm/arm-gnu-toolchain-12.2.rel1-x86_64-arm-none-eabi/bin/../lib/gcc/arm-none-eabi/12.2.1/thumb/v8-m.main+fp/hard/libgcc.a(_fixunssfdi.o)
                              CMakeFiles/freertos_hello.elf.dir/project/sdk/devices/LPC5536/drivers/fsl_clock.c.obj (__aeabi_f2ulz)
/opt/arm/arm-gnu-toolchain-12.2.rel1-x86_64-arm-none-eabi/bin/../lib/gcc/arm-none-eabi/12.2.1/thumb/v8-m.main+fp/hard/libgcc.a(_udivmoddi4.o)
                              /opt/arm/arm-gnu-toolchain-12.2.rel1-x86_64-arm-none-eabi/bin/../lib/gcc/arm-none-eabi/12.2.1/thumb/v8-m.main+fp/hard/libgcc.a(_aeabi_ldivmod.o) (__udivmoddi4)
/opt/arm/arm-gnu-toolchain-12.2.rel1-x86_64-arm-none-eabi/bin/../lib/gcc/arm-none-eabi/12.2.1/thumb/v8-m.main+fp/hard/libgcc.a(_arm_muldf3.o)
                              /opt/arm/arm-gnu-toolchain-12.2.rel1-x86_64-arm-none-eabi/bin/../lib/gcc/arm-none-eabi/12.2.1/thumb/v8-m.main+fp/hard/libgcc.a(_fixunssfdi.o) (__aeabi_dmul)
/opt/arm/arm-gnu-toolchain-12.2.rel1-x86_64-arm-none-eabi/bin/../lib/gcc/arm-none-eabi/12.2.1/thumb/v8-m.main+fp/hard/libgcc.a(_dvmd_tls.o)
                              /opt/arm/arm-gnu-toolchain-12.2.rel1-x86_64-arm-none-eabi/bin/../lib/gcc/arm-none-eabi/12.2.1/thumb/v8-m.main+fp/hard/libgcc.a(_aeabi_ldivmod.o) (__aeabi_ldiv0)
/opt/arm/arm-gnu-toolchain-12.2.rel1-x86_64-arm-none-eabi/bin/../lib/gcc/arm-none-eabi/12.2.1/thumb/v8-m.main+fp/hard/libgcc.a(_arm_addsubdf3.o)
                              /opt/arm/arm-gnu-toolchain-12.2.rel1-x86_64-arm-none-eabi/bin/../lib/gcc/arm-none-eabi/12.2.1/thumb/v8-m.main+fp/hard/libgcc.a(_fixunssfdi.o) (__aeabi_dsub)
/opt/arm/arm-gnu-toolchain-12.2.rel1-x86_64-arm-none-eabi/bin/../lib/gcc/arm-none-eabi/12.2.1/thumb/v8-m.main+fp/hard/libgcc.a(_arm_fixunsdfsi.o)
                              /opt/arm/arm-gnu-toolchain-12.2.rel1-x86_64-arm-none-eabi/bin/../lib/gcc/arm-none-eabi/12.2.1/thumb/v8-m.main+fp/hard/libgcc.a(_fixunssfdi.o) (__aeabi_d2uiz)
/opt/arm/arm-gnu-toolchain-12.2.rel1-x86_64-arm-none-eabi/bin/../lib/gcc/arm-none-eabi/12.2.1/../../../../arm-none-eabi/lib/thumb/v8-m.main+fp/hard/libc_nano.a(libc_a-exit.o)
                              /opt/arm/arm-gnu-toolchain-12.2.rel1-x86_64-arm-none-eabi/bin/../lib/gcc/arm-none-eabi/12.2.1/../../../../arm-none-eabi/lib/thumb/v8-m.main+fp/hard/crt0.o (exit)
/opt/arm/arm-gnu-toolchain-12.2.rel1-x86_64-arm-none-eabi/bin/../lib/gcc/arm-none-eabi/12.2.1/../../../../arm-none-eabi/lib/thumb/v8-m.main+fp/hard/libc_nano.a(libc_a-strtoul.o)
                              CMakeFiles/freertos_hello.elf.dir/project/sdk/devices/LPC5536/utilities/str/fsl_str.c.obj (strtoul)
/opt/arm/arm-gnu-toolchain-12.2.rel1-x86_64-arm-none-eabi/bin/../lib/gcc/arm-none-eabi/12.2.1/../../../../arm-none-eabi/lib/thumb/v8-m.main+fp/hard/libc_nano.a(libc_a-init.o)
                              /opt/arm/arm-gnu-toolchain-12.2.rel1-x86_64-arm-none-eabi/bin/../lib/gcc/arm-none-eabi/12.2.1/../../../../arm-none-eabi/lib/thumb/v8-m.main+fp/hard/crt0.o (__libc_init_array)
/opt/arm/arm-gnu-toolchain-12.2.rel1-x86_64-arm-none-eabi/bin/../lib/gcc/arm-none-eabi/12.2.1/../../../../arm-none-eabi/lib/thumb/v8-m.main+fp/hard/libc_nano.a(libc_a-impure.o)
                              /opt/arm/arm-gnu-toolchain-12.2.rel1-x86_64-arm-none-eabi/bin/../lib/gcc/arm-none-eabi/12.2.1/../../../../arm-none-eabi/lib/thumb/v8-m.main+fp/hard/libc_nano.a(libc_a-strtoul.o) (_impure_ptr)
/opt/arm/arm-gnu-toolchain-12.2.rel1-x86_64-arm-none-eabi/bin/../lib/gcc/arm-none-eabi/12.2.1/../../../../arm-none-eabi/lib/thumb/v8-m.main+fp/hard/libc_nano.a(libc_a-malloc.o)
                              CMakeFiles/freertos_hello.elf.dir/project/sdk/devices/LPC5536/drivers/fsl_common.c.obj (malloc)
/opt/arm/arm-gnu-toolchain-12.2.rel1-x86_64-arm-none-eabi/bin/../lib/gcc/arm-none-eabi/12.2.1/../../../../arm-none-eabi/lib/thumb/v8-m.main+fp/hard/libc_nano.a(libc_a-mallocr.o)
                              /opt/arm/arm-gnu-toolchain-12.2.rel1-x86_64-arm-none-eabi/bin/../lib/gcc/arm-none-eabi/12.2.1/../../../../arm-none-eabi/lib/thumb/v8-m.main+fp/hard/libc_nano.a(libc_a-malloc.o) (_malloc_r)
/opt/arm/arm-gnu-toolchain-12.2.rel1-x86_64-arm-none-eabi/bin/../lib/gcc/arm-none-eabi/12.2.1/../../../../arm-none-eabi/lib/thumb/v8-m.main+fp/hard/libc_nano.a(libc_a-findfp.o)
[...]
Memory Configuration

Name             Origin             Length             Attributes
m_interrupts     0x0000000000000000 0x0000000000000400 xr
m_text           0x0000000000000400 0x0000000000010000 xr
m_data           0x0000000020000000 0x000000000001c000 rw
m_sramx          0x0000000004000000 0x0000000000004000 rw
*default*        0x0000000000000000 0xffffffffffffffff

Linker script and memory map

LOAD /opt/arm/arm-gnu-toolchain-12.2.rel1-x86_64-arm-none-eabi/bin/../lib/gcc/arm-none-eabi/12.2.1/thumb/v8-m.main+fp/hard/crti.o
LOAD /opt/arm/arm-gnu-toolchain-12.2.rel1-x86_64-arm-none-eabi/bin/../lib/gcc/arm-none-eabi/12.2.1/thumb/v8-m.main+fp/hard/crtbegin.o
LOAD /opt/arm/arm-gnu-toolchain-12.2.rel1-x86_64-arm-none-eabi/bin/../lib/gcc/arm-none-eabi/12.2.1/../../../../arm-none-eabi/lib/thumb/v8-m.main+fp/hard/crt0.o
LOAD CMakeFiles/freertos_hello.elf.dir/project/src/freertos_hello.c.obj
LOAD CMakeFiles/freertos_hello.elf.dir/project/src/versionInfo.c.obj
LOAD CMakeFiles/freertos_hello.elf.dir/project/board/clock_config.c.obj
LOAD CMakeFiles/freertos_hello.elf.dir/project/board/pin_mux.c.obj
LOAD CMakeFiles/freertos_hello.elf.dir/project/board/peripherals.c.obj
LOAD CMakeFiles/freertos_hello.elf.dir/project/sdk/components/lists/fsl_component_generic_list.c.obj
LOAD CMakeFiles/freertos_hello.elf.dir/project/sdk/components/serial_manager/fsl_component_serial_manager.c.obj
LOAD CMakeFiles/freertos_hello.elf.dir/project/sdk/components/serial_manager/fsl_component_serial_port_uart.c.obj
LOAD CMakeFiles/freertos_hello.elf.dir/project/sdk/components/uart/fsl_adapter_usart.c.obj
LOAD CMakeFiles/freertos_hello.elf.dir/project/sdk/devices/LPC5536/gcc/startup_LPC5536.S.obj
LOAD CMakeFiles/freertos_hello.elf.dir/project/sdk/devices/LPC5536/system_LPC5536.c.obj
LOAD CMakeFiles/freertos_hello.elf.dir/project/sdk/devices/LPC5536/drivers/fsl_clock.c.obj
LOAD CMakeFiles/freertos_hello.elf.dir/project/sdk/devices/LPC5536/drivers/fsl_common.c.obj
LOAD CMakeFiles/freertos_hello.elf.dir/project/sdk/devices/LPC5536/drivers/fsl_common_arm.c.obj
LOAD CMakeFiles/freertos_hello.elf.dir/project/sdk/devices/LPC5536/drivers/fsl_flexcomm.c.obj
LOAD CMakeFiles/freertos_hello.elf.dir/project/sdk/devices/LPC5536/drivers/fsl_usart.c.obj
LOAD CMakeFiles/freertos_hello.elf.dir/project/sdk/devices/LPC5536/drivers/fsl_gpio.c.obj
LOAD CMakeFiles/freertos_hello.elf.dir/project/sdk/devices/LPC5536/drivers/fsl_power.c.obj
LOAD CMakeFiles/freertos_hello.elf.dir/project/sdk/devices/LPC5536/drivers/fsl_reset.c.obj
LOAD CMakeFiles/freertos_hello.elf.dir/project/sdk/rtos/freertos/freertos-kernel/croutine.c.obj
LOAD CMakeFiles/freertos_hello.elf.dir/project/sdk/rtos/freertos/freertos-kernel/event_groups.c.obj
LOAD CMakeFiles/freertos_hello.elf.dir/project/sdk/rtos/freertos/freertos-kernel/list.c.obj
LOAD CMakeFiles/freertos_hello.elf.dir/project/sdk/rtos/freertos/freertos-kernel/queue.c.obj
LOAD CMakeFiles/freertos_hello.elf.dir/project/sdk/rtos/freertos/freertos-kernel/stream_buffer.c.obj
LOAD CMakeFiles/freertos_hello.elf.dir/project/sdk/rtos/freertos/freertos-kernel/tasks.c.obj
LOAD CMakeFiles/freertos_hello.elf.dir/project/sdk/rtos/freertos/freertos-kernel/timers.c.obj
LOAD CMakeFiles/freertos_hello.elf.dir/project/sdk/rtos/freertos/freertos-kernel/portable/GCC/ARM_CM33_NTZ/non_secure/port.c.obj
LOAD CMakeFiles/freertos_hello.elf.dir/project/sdk/rtos/freertos/freertos-kernel/portable/GCC/ARM_CM33_NTZ/non_secure/portasm.c.obj
LOAD CMakeFiles/freertos_hello.elf.dir/project/sdk/rtos/freertos/freertos-kernel/portable/MemMang/heap_4.c.obj
LOAD CMakeFiles/freertos_hello.elf.dir/project/sdk/devices/LPC5536/utilities/fsl_sbrk.c.obj
LOAD CMakeFiles/freertos_hello.elf.dir/project/sdk/devices/LPC5536/utilities/fsl_syscall_stub.c.obj
LOAD CMakeFiles/freertos_hello.elf.dir/project/sdk/devices/LPC5536/utilities/fsl_memcpy.S.obj
LOAD CMakeFiles/freertos_hello.elf.dir/project/sdk/devices/LPC5536/utilities/fsl_assert.c.obj
LOAD CMakeFiles/freertos_hello.elf.dir/project/sdk/devices/LPC5536/utilities/str/fsl_str.c.obj
LOAD CMakeFiles/freertos_hello.elf.dir/project/sdk/devices/LPC5536/utilities/debug_console/fsl_debug_console.c.obj
START GROUP
LOAD /opt/arm/arm-gnu-toolchain-12.2.rel1-x86_64-arm-none-eabi/bin/../lib/gcc/arm-none-eabi/12.2.1/thumb/v8-m.main+fp/hard/libgcc.a
LOAD /opt/arm/arm-gnu-toolchain-12.2.rel1-x86_64-arm-none-eabi/bin/../lib/gcc/arm-none-eabi/12.2.1/../../../../arm-none-eabi/lib/thumb/v8-m.main+fp/hard/libc_nano.a
LOAD /opt/arm/arm-gnu-toolchain-12.2.rel1-x86_64-arm-none-eabi/bin/../lib/gcc/arm-none-eabi/12.2.1/../../../../arm-none-eabi/lib/thumb/v8-m.main+fp/hard/libm.a
LOAD /opt/arm/arm-gnu-toolchain-12.2.rel1-x86_64-arm-none-eabi/bin/../lib/gcc/arm-none-eabi/12.2.1/../../../../arm-none-eabi/lib/thumb/v8-m.main+fp/hard/libcr_newlib_nohost.a
END GROUP
START GROUP
LOAD /opt/arm/arm-gnu-toolchain-12.2.rel1-x86_64-arm-none-eabi/bin/../lib/gcc/arm-none-eabi/12.2.1/thumb/v8-m.main+fp/hard/libgcc.a
LOAD /opt/arm/arm-gnu-toolchain-12.2.rel1-x86_64-arm-none-eabi/bin/../lib/gcc/arm-none-eabi/12.2.1/../../../../arm-none-eabi/lib/thumb/v8-m.main+fp/hard/libc_nano.a
END GROUP
START GROUP
LOAD /opt/arm/arm-gnu-toolchain-12.2.rel1-x86_64-arm-none-eabi/bin/../lib/gcc/arm-none-eabi/12.2.1/thumb/v8-m.main+fp/hard/libgcc.a
LOAD /opt/arm/arm-gnu-toolchain-12.2.rel1-x86_64-arm-none-eabi/bin/../lib/gcc/arm-none-eabi/12.2.1/../../../../arm-none-eabi/lib/thumb/v8-m.main+fp/hard/libc_nano.a
LOAD /opt/arm/arm-gnu-toolchain-12.2.rel1-x86_64-arm-none-eabi/bin/../lib/gcc/arm-none-eabi/12.2.1/../../../../arm-none-eabi/lib/thumb/v8-m.main+fp/hard/libnosys.a
END GROUP
START GROUP
LOAD /opt/arm/arm-gnu-toolchain-12.2.rel1-x86_64-arm-none-eabi/bin/../lib/gcc/arm-none-eabi/12.2.1/thumb/v8-m.main+fp/hard/libgcc.a
LOAD /opt/arm/arm-gnu-toolchain-12.2.rel1-x86_64-arm-none-eabi/bin/../lib/gcc/arm-none-eabi/12.2.1/../../../../arm-none-eabi/lib/thumb/v8-m.main+fp/hard/libc_nano.a
LOAD /opt/arm/arm-gnu-toolchain-12.2.rel1-x86_64-arm-none-eabi/bin/../lib/gcc/arm-none-eabi/12.2.1/../../../../arm-none-eabi/lib/thumb/v8-m.main+fp/hard/libnosys.a
END GROUP
LOAD /opt/arm/arm-gnu-toolchain-12.2.rel1-x86_64-arm-none-eabi/bin/../lib/gcc/arm-none-eabi/12.2.1/thumb/v8-m.main+fp/hard/crtend.o
LOAD /opt/arm/arm-gnu-toolchain-12.2.rel1-x86_64-arm-none-eabi/bin/../lib/gcc/arm-none-eabi/12.2.1/thumb/v8-m.main+fp/hard/crtn.o
                0x0000000000000400                HEAP_SIZE = DEFINED (__heap_size__)?__heap_size__:0x400
                0x0000000000000800                STACK_SIZE = DEFINED (__stack_size__)?__stack_size__:0x800
                0x0000000000000000                RETENTION_RAMSIZE = DEFINED (__pkc__)?0x4000:DEFINED (__power_down__)?0x604:0x0
                0x0000000000000000                POWERQUAD_RAMSIZE = DEFINED (__powerquad__)?0x4000:0x0
                0x0000000000000000                TEXT_START = DEFINED (__qspi_xip__)?0x8001000:0x0
                0x0000000000010000                TEXT_SIZE = DEFINED (__qspi_xip__)?0x7fff000:0x10000

.interrupts     0x0000000000000000      0x220
                0x0000000000000000                . = ALIGN (0x4)
 *(.isr_vector)
 .isr_vector    0x0000000000000000      0x220 CMakeFiles/freertos_hello.elf.dir/project/sdk/devices/LPC5536/gcc/startup_LPC5536.S.obj
                0x0000000000000000                __Vectors
                0x0000000000000220                . = ALIGN (0x4)

.text           0x0000000000000400     0x3014
                0x0000000000000400                . = ALIGN (0x4)
 *(.text)
 .text          0x0000000000000400       0x7c /opt/arm/arm-gnu-toolchain-12.2.rel1-x86_64-arm-none-eabi/bin/../lib/gcc/arm-none-eabi/12.2.1/../../../../arm-none-eabi/lib/thumb/v8-m.main+fp/hard/crt0.o
                0x0000000000000400                _stack_init
                0x0000000000000408                _mainCRTStartup
                0x0000000000000408                _start
 .text          0x000000000000047c      0x47c CMakeFiles/freertos_hello.elf.dir/project/sdk/devices/LPC5536/gcc/startup_LPC5536.S.obj
                0x000000000000047c                Reset_Handler
                0x000000000000050c                Reserved87_DriverIRQHandler
                0x000000000000050c                HSCMP1_DriverIRQHandler
                0x000000000000050c                DebugMon_Handler
                0x000000000000050c                FLEXPWM1_COMPARE2_DriverIRQHandler
                0x000000000000050c                I3C0_DriverIRQHandler
                0x000000000000050c                PKC_ERR_DriverIRQHandler
                0x000000000000050c                DMA0_DriverIRQHandler
                0x000000000000050c                ENC0_IDX_DriverIRQHandler
                0x000000000000050c                FLEXPWM0_RELOAD_ERROR_DriverIRQHandler
                0x000000000000050c                Reserved133_DriverIRQHandler
                0x000000000000050c                RAM_PARITY_ECC_ERR_DriverIRQHandler
                0x000000000000050c                SEC_VIO_DriverIRQHandler
                0x000000000000050c                PKC_DriverIRQHandler
                0x000000000000050c                CAN0_IRQ0_DriverIRQHandler
                0x000000000000050c                Reserved64_DriverIRQHandler
                0x000000000000050c                PIN_INT3_DriverIRQHandler
                0x000000000000050c                PIN_INT2_DriverIRQHandler
                0x000000000000050c                ELS_DriverIRQHandler
                0x000000000000050c                FLEXPWM1_COMPARE0_DriverIRQHandler
                0x000000000000050c                Reserved56_DriverIRQHandler
                0x000000000000050c                PIN_INT0_DriverIRQHandler
                0x000000000000050c                FLEXPWM0_RELOAD3_DriverIRQHandler
                0x000000000000050c                Reserved63_DriverIRQHandler
                0x000000000000050c                DAC1_DriverIRQHandler
                0x000000000000050c                CTIMER2_DriverIRQHandler
                0x000000000000050c                UsageFault_Handler
                0x000000000000050c                Freqme_DriverIRQHandler
                0x000000000000050c                FLEXPWM1_RELOAD2_DriverIRQHandler
                0x000000000000050c                Reserved80_DriverIRQHandler
                0x000000000000050c                DefaultISR
                0x000000000000050c                USB0_DriverIRQHandler
                0x000000000000050c                ENC0_WDG_DriverIRQHandler
                0x000000000000050c                ELS_ERR_DriverIRQHandler
                0x000000000000050c                DAC0_DriverIRQHandler
                0x000000000000050c                MRT0_DriverIRQHandler
                0x000000000000050c                UTICK0_DriverIRQHandler
                0x000000000000050c                PIN_INT4_DriverIRQHandler
                0x000000000000050c                PIN_INT5_DriverIRQHandler
                0x000000000000050c                FLEXPWM0_RELOAD0_DriverIRQHandler
                0x000000000000050c                SEC_GPIO_INT0_IRQ0_DriverIRQHandler
                0x000000000000050c                Reserved84_DriverIRQHandler
                0x000000000000050c                CTIMER4_DriverIRQHandler
                0x000000000000050c                GINT1_DriverIRQHandler
                0x000000000000050c                FLEXPWM0_FAULT_DriverIRQHandler
                0x000000000000050c                FLEXPWM0_RELOAD2_DriverIRQHandler
                0x000000000000050c                PIN_INT7_DriverIRQHandler
                0x000000000000050c                EZH_ARCH_B0_DriverIRQHandler
                0x000000000000050c                CAN0_IRQ1_DriverIRQHandler
                0x000000000000050c                POWERQUAD_DriverIRQHandler
                0x000000000000050c                USB0_NEEDCLK_DriverIRQHandler
                0x000000000000050c                FLASH_DriverIRQHandler
                0x000000000000050c                FLEXPWM0_COMPARE1_DriverIRQHandler
                0x000000000000050c                FLEXPWM1_FAULT_DriverIRQHandler
                0x000000000000050c                CTIMER0_DriverIRQHandler
                0x000000000000050c                Reserved79_DriverIRQHandler
                0x000000000000050c                CTIMER1_DriverIRQHandler
                0x000000000000050c                SecureFault_Handler
                0x000000000000050c                ADC1_DriverIRQHandler
                0x000000000000050c                ENC0_HOME_DriverIRQHandler
                0x000000000000050c                PIN_INT6_DriverIRQHandler
                0x000000000000050c                FlexSPI0_DriverIRQHandler
                0x000000000000050c                PIN_INT1_DriverIRQHandler
                0x000000000000050c                CTIMER3_DriverIRQHandler
                0x000000000000050c                Reserved89_DriverIRQHandler
                0x000000000000050c                HWVAD0_DriverIRQHandler
                0x000000000000050c                Reserved130_DriverIRQHandler
                0x000000000000050c                FLEXPWM0_CAPTURE_DriverIRQHandler
                0x000000000000050c                Reserved83_DriverIRQHandler
                0x000000000000050c                FLEXPWM0_COMPARE2_DriverIRQHandler
                0x000000000000050c                Reserved72_DriverIRQHandler
                0x000000000000050c                Tamper_DriverIRQHandler
                0x000000000000050c                Reserved61_DriverIRQHandler
                0x000000000000050c                SEC_GPIO_INT0_IRQ1_DriverIRQHandler
                0x000000000000050c                WAKEUP_DriverIRQHandler
                0x000000000000050c                RTC_DriverIRQHandler
                0x000000000000050c                FLEXPWM0_RELOAD1_DriverIRQHandler
                0x000000000000050c                FLEXPWM1_COMPARE1_DriverIRQHandler
                0x000000000000050c                HSCMP2_DriverIRQHandler
                0x000000000000050c                Reserved126_DriverIRQHandler
                0x000000000000050c                Reserved62_DriverIRQHandler
                0x000000000000050c                MemManage_Handler
                0x000000000000050c                CDOG_DriverIRQHandler
                0x000000000000050c                FLEXPWM1_RELOAD_ERROR_DriverIRQHandler
                0x000000000000050c                ENC1_WDG_DriverIRQHandler
                0x000000000000050c                FLEXPWM1_COMPARE3_DriverIRQHandler
                0x000000000000050c                DMA1_DriverIRQHandler
                0x000000000000050c                DMIC_DriverIRQHandler
                0x000000000000050c                FLEXPWM1_CAPTURE_DriverIRQHandler
                0x000000000000050c                FLEXPWM1_RELOAD3_DriverIRQHandler
                0x000000000000050c                FLEXPWM0_COMPARE3_DriverIRQHandler
                0x000000000000050c                Reserved77_DriverIRQHandler
                0x000000000000050c                Reserved131_DriverIRQHandler
                0x000000000000050c                ENC1_HOME_DriverIRQHandler
                0x000000000000050c                FLEXPWM1_RELOAD0_DriverIRQHandler
                0x000000000000050c                Reserved127_DriverIRQHandler
                0x000000000000050c                Reserved85_DriverIRQHandler
                0x000000000000050c                ENC1_IDX_DriverIRQHandler
                0x000000000000050c                Reserved88_DriverIRQHandler
                0x000000000000050c                ADC0_DriverIRQHandler
                0x000000000000050c                FLEXPWM1_RELOAD1_DriverIRQHandler
                0x000000000000050c                DAC2_DriverIRQHandler
                0x000000000000050c                HSCMP0_DriverIRQHandler
                0x000000000000050c                GINT0_DriverIRQHandler
                0x000000000000050c                FLEXPWM0_COMPARE0_DriverIRQHandler
                0x000000000000050c                Reserved132_DriverIRQHandler
                0x000000000000050c                ENC0_COMPARE_DriverIRQHandler
                0x000000000000050c                ACMP_DriverIRQHandler
                0x000000000000050c                Reserved58_DriverIRQHandler
                0x000000000000050c                Reserved57_DriverIRQHandler
                0x000000000000050c                BusFault_Handler
                0x000000000000050c                Reserved86_DriverIRQHandler
                0x000000000000050c                SCT0_DriverIRQHandler
                0x000000000000050c                WDT_BOD_DriverIRQHandler
                0x000000000000050c                ENC1_COMPARE_DriverIRQHandler
                0x000000000000050c                ELS_IRQ1_DriverIRQHandler
                0x000000000000050c                OS_EVENT_DriverIRQHandler
                0x000000000000050c                SEC_HYPERVISOR_CALL_DriverIRQHandler
                0x0000000000000510                NMI_Handler
                0x0000000000000514                HardFault_Handler
                0x0000000000000524                WDT_BOD_IRQHandler
                0x0000000000000528                DMA0_IRQHandler
                0x000000000000052c                GINT0_IRQHandler
                0x0000000000000530                GINT1_IRQHandler
                0x0000000000000534                PIN_INT0_IRQHandler
                0x0000000000000538                PIN_INT1_IRQHandler
                0x000000000000053c                PIN_INT2_IRQHandler
                0x0000000000000540                PIN_INT3_IRQHandler
                0x0000000000000544                UTICK0_IRQHandler
                0x0000000000000548                MRT0_IRQHandler
                0x000000000000054c                CTIMER0_IRQHandler
                0x0000000000000550                CTIMER1_IRQHandler
                0x0000000000000554                SCT0_IRQHandler
                0x0000000000000558                CTIMER3_IRQHandler
                0x000000000000055c                FLEXCOMM0_IRQHandler
                0x0000000000000560                FLEXCOMM1_IRQHandler
                0x0000000000000564                FLEXCOMM2_IRQHandler
                0x0000000000000568                FLEXCOMM3_IRQHandler
                0x000000000000056c                FLEXCOMM4_IRQHandler
                0x0000000000000570                FLEXCOMM5_IRQHandler
                0x0000000000000574                FLEXCOMM6_IRQHandler
                0x0000000000000578                FLEXCOMM7_IRQHandler
                0x000000000000057c                ADC0_IRQHandler
                0x0000000000000580                ADC1_IRQHandler
                0x0000000000000584                ACMP_IRQHandler
                0x0000000000000588                DMIC_IRQHandler
                0x000000000000058c                HWVAD0_IRQHandler
                0x0000000000000590                USB0_NEEDCLK_IRQHandler
                0x0000000000000594                USB0_IRQHandler
                0x0000000000000598                RTC_IRQHandler
                0x000000000000059c                EZH_ARCH_B0_IRQHandler
                0x00000000000005a0                WAKEUP_IRQHandler
                0x00000000000005a4                PIN_INT4_IRQHandler
                0x00000000000005a8                PIN_INT5_IRQHandler
                0x00000000000005ac                PIN_INT6_IRQHandler
                0x00000000000005b0                PIN_INT7_IRQHandler
                0x00000000000005b4                CTIMER2_IRQHandler
                0x00000000000005b8                CTIMER4_IRQHandler
                0x00000000000005bc                OS_EVENT_IRQHandler
                0x00000000000005c0                FlexSPI0_IRQHandler
                0x00000000000005c4                Reserved56_IRQHandler
                0x00000000000005c8                Reserved57_IRQHandler
                0x00000000000005cc                Reserved58_IRQHandler
                0x00000000000005d0                CAN0_IRQ0_IRQHandler
                0x00000000000005d4                CAN0_IRQ1_IRQHandler
                0x00000000000005d8                Reserved61_IRQHandler
                0x00000000000005dc                Reserved62_IRQHandler
                0x00000000000005e0                Reserved63_IRQHandler
                0x00000000000005e4                Reserved64_IRQHandler
                0x00000000000005e8                SEC_HYPERVISOR_CALL_IRQHandler
                0x00000000000005ec                SEC_GPIO_INT0_IRQ0_IRQHandler
                0x00000000000005f0                SEC_GPIO_INT0_IRQ1_IRQHandler
                0x00000000000005f4                Freqme_IRQHandler
                0x00000000000005f8                SEC_VIO_IRQHandler
                0x00000000000005fc                ELS_IRQHandler
                0x0000000000000600                PKC_IRQHandler
                0x0000000000000604                Reserved72_IRQHandler
                0x0000000000000608                POWERQUAD_IRQHandler
                0x000000000000060c                DMA1_IRQHandler
                0x0000000000000610                FLEXCOMM8_IRQHandler
                0x0000000000000614                CDOG_IRQHandler
                0x0000000000000618                Reserved77_IRQHandler
                0x000000000000061c                I3C0_IRQHandler
                0x0000000000000620                Reserved79_IRQHandler
                0x0000000000000624                Reserved80_IRQHandler
                0x0000000000000628                ELS_IRQ1_IRQHandler
                0x000000000000062c                Tamper_IRQHandler
                0x0000000000000630                Reserved83_IRQHandler
                0x0000000000000634                Reserved84_IRQHandler
                0x0000000000000638                Reserved85_IRQHandler
                0x000000000000063c                Reserved86_IRQHandler
                0x0000000000000640                Reserved87_IRQHandler
                0x0000000000000644                Reserved88_IRQHandler
                0x0000000000000648                Reserved89_IRQHandler
                0x000000000000064c                DAC0_IRQHandler
                0x0000000000000650                DAC1_IRQHandler
                0x0000000000000654                DAC2_IRQHandler
                0x0000000000000658                HSCMP0_IRQHandler
                0x000000000000065c                HSCMP1_IRQHandler
                0x0000000000000660                HSCMP2_IRQHandler
                0x0000000000000664                FLEXPWM0_CAPTURE_IRQHandler
                0x0000000000000668                FLEXPWM0_FAULT_IRQHandler
                0x000000000000066c                FLEXPWM0_RELOAD_ERROR_IRQHandler
                0x0000000000000670                FLEXPWM0_COMPARE0_IRQHandler
                0x0000000000000674                FLEXPWM0_RELOAD0_IRQHandler
                0x0000000000000678                FLEXPWM0_COMPARE1_IRQHandler
                0x000000000000067c                FLEXPWM0_RELOAD1_IRQHandler
                0x0000000000000680                FLEXPWM0_COMPARE2_IRQHandler
                0x0000000000000684                FLEXPWM0_RELOAD2_IRQHandler
                0x0000000000000688                FLEXPWM0_COMPARE3_IRQHandler
                0x000000000000068c                FLEXPWM0_RELOAD3_IRQHandler
                0x0000000000000690                FLEXPWM1_CAPTURE_IRQHandler
                0x0000000000000694                FLEXPWM1_FAULT_IRQHandler
                0x0000000000000698                FLEXPWM1_RELOAD_ERROR_IRQHandler
                0x000000000000069c                FLEXPWM1_COMPARE0_IRQHandler
                0x00000000000006a0                FLEXPWM1_RELOAD0_IRQHandler
                0x00000000000006a4                FLEXPWM1_COMPARE1_IRQHandler
                0x00000000000006a8                FLEXPWM1_RELOAD1_IRQHandler
                0x00000000000006ac                FLEXPWM1_COMPARE2_IRQHandler
                0x00000000000006b0                FLEXPWM1_RELOAD2_IRQHandler
                0x00000000000006b4                FLEXPWM1_COMPARE3_IRQHandler
                0x00000000000006b8                FLEXPWM1_RELOAD3_IRQHandler
                0x00000000000006bc                ENC0_COMPARE_IRQHandler
                0x00000000000006c0                ENC0_HOME_IRQHandler
                0x00000000000006c4                ENC0_WDG_IRQHandler
                0x00000000000006c8                ENC0_IDX_IRQHandler
                0x00000000000006cc                ENC1_COMPARE_IRQHandler
                0x00000000000006d0                ENC1_HOME_IRQHandler
                0x00000000000006d4                ENC1_WDG_IRQHandler
                0x00000000000006d8                ENC1_IDX_IRQHandler
                0x00000000000006dc                Reserved126_IRQHandler
                0x00000000000006e0                Reserved127_IRQHandler
                0x00000000000006e4                ELS_ERR_IRQHandler
                0x00000000000006e8                PKC_ERR_IRQHandler
                0x00000000000006ec                Reserved130_IRQHandler
                0x00000000000006f0                Reserved131_IRQHandler
                0x00000000000006f4                Reserved132_IRQHandler
                0x00000000000006f8                Reserved133_IRQHandler
                0x00000000000006fc                FLASH_IRQHandler
                0x0000000000000700                RAM_PARITY_ECC_ERR_IRQHandler
 .text          0x00000000000008f8       0xa0 CMakeFiles/freertos_hello.elf.dir/project/sdk/devices/LPC5536/utilities/fsl_memcpy.S.obj
                0x00000000000008f8                memcpy
 .text          0x0000000000000998       0x10 /opt/arm/arm-gnu-toolchain-12.2.rel1-x86_64-arm-none-eabi/bin/../lib/gcc/arm-none-eabi/12.2.1/../../../../arm-none-eabi/lib/thumb/v8-m.main+fp/hard/libc_nano.a(libc_a-strlen.o)
                0x0000000000000998                strlen
 *(.BLHeader)
 .BLHeader      0x00000000000009a8       0x18 CMakeFiles/freertos_hello.elf.dir/project/src/versionInfo.c.obj
                0x00000000000009a8                blHeader
 *(.text*)
 .text.deregister_tm_clones
                0x00000000000009c0       0x1c /opt/arm/arm-gnu-toolchain-12.2.rel1-x86_64-arm-none-eabi/bin/../lib/gcc/arm-none-eabi/12.2.1/thumb/v8-m.main+fp/hard/crtbegin.o
 .text.register_tm_clones
                0x00000000000009dc       0x28 /opt/arm/arm-gnu-toolchain-12.2.rel1-x86_64-arm-none-eabi/bin/../lib/gcc/arm-none-eabi/12.2.1/thumb/v8-m.main+fp/hard/crtbegin.o
 .text.__do_global_dtors_aux
                0x0000000000000a04       0x28 /opt/arm/arm-gnu-toolchain-12.2.rel1-x86_64-arm-none-eabi/bin/../lib/gcc/arm-none-eabi/12.2.1/thumb/v8-m.main+fp/hard/crtbegin.o
 .text.frame_dummy
                0x0000000000000a2c       0x24 /opt/arm/arm-gnu-toolchain-12.2.rel1-x86_64-arm-none-eabi/bin/../lib/gcc/arm-none-eabi/12.2.1/thumb/v8-m.main+fp/hard/crtbegin.o
 .text.hello_task
                0x0000000000000a50       0x24 CMakeFiles/freertos_hello.elf.dir/project/src/freertos_hello.c.obj
 .text.startup.main
                0x0000000000000a74       0x5c CMakeFiles/freertos_hello.elf.dir/project/src/freertos_hello.c.obj
                0x0000000000000a74                main
 .text.BOARD_InitBootClocks
                0x0000000000000ad0       0x50 CMakeFiles/freertos_hello.elf.dir/project/board/clock_config.c.obj
                0x0000000000000ad0                BOARD_InitBootClocks
 .text.BOARD_InitBootPins
                0x0000000000000b20       0x74 CMakeFiles/freertos_hello.elf.dir/project/board/pin_mux.c.obj
                0x0000000000000b20                BOARD_InitBootPins
 .text.SerialManager_WriteBlocking
                0x0000000000000b94       0x14 CMakeFiles/freertos_hello.elf.dir/project/sdk/components/serial_manager/fsl_component_serial_manager.c.obj
                0x0000000000000b94                SerialManager_WriteBlocking
 .text.Serial_UartWrite
                0x0000000000000ba8        0x4 CMakeFiles/freertos_hello.elf.dir/project/sdk/components/serial_manager/fsl_component_serial_port_uart.c.obj
                0x0000000000000ba8                Serial_UartWrite
 .text.HAL_UartSendBlocking
                0x0000000000000bac       0x18 CMakeFiles/freertos_hello.elf.dir/project/sdk/components/uart/fsl_adapter_usart.c.obj
                0x0000000000000bac                HAL_UartSendBlocking
 .text.SystemInitHook
                0x0000000000000bc4        0x4 CMakeFiles/freertos_hello.elf.dir/project/sdk/devices/LPC5536/system_LPC5536.c.obj
                0x0000000000000bc4                SystemInitHook
 .text.SystemInit
                0x0000000000000bc8       0x5c CMakeFiles/freertos_hello.elf.dir/project/sdk/devices/LPC5536/system_LPC5536.c.obj
                0x0000000000000bc8                SystemInit
 .text.CLOCK_AttachClk
                0x0000000000000c24       0xb8 CMakeFiles/freertos_hello.elf.dir/project/sdk/devices/LPC5536/drivers/fsl_clock.c.obj
                0x0000000000000c24                CLOCK_AttachClk
 .text.CLOCK_SetClkDiv
                0x0000000000000cdc       0x50 CMakeFiles/freertos_hello.elf.dir/project/sdk/devices/LPC5536/drivers/fsl_clock.c.obj
                0x0000000000000cdc                CLOCK_SetClkDiv
 .text.CLOCK_SetupFROClocking
                0x0000000000000d2c       0xa8 CMakeFiles/freertos_hello.elf.dir/project/sdk/devices/LPC5536/drivers/fsl_clock.c.obj
                0x0000000000000d2c                CLOCK_SetupFROClocking
 .text.CLOCK_SetFLASHAccessCyclesForFreq
                0x0000000000000dd4      0x12c CMakeFiles/freertos_hello.elf.dir/project/sdk/devices/LPC5536/drivers/fsl_clock.c.obj
                0x0000000000000dd4                CLOCK_SetFLASHAccessCyclesForFreq
 .text.FLEXCOMM0_DriverIRQHandler
                0x0000000000000f00       0x18 CMakeFiles/freertos_hello.elf.dir/project/sdk/devices/LPC5536/drivers/fsl_flexcomm.c.obj
                0x0000000000000f00                FLEXCOMM0_DriverIRQHandler
 .text.FLEXCOMM1_DriverIRQHandler
                0x0000000000000f18       0x18 CMakeFiles/freertos_hello.elf.dir/project/sdk/devices/LPC5536/drivers/fsl_flexcomm.c.obj
                0x0000000000000f18                FLEXCOMM1_DriverIRQHandler
 .text.FLEXCOMM2_DriverIRQHandler
                0x0000000000000f30       0x18 CMakeFiles/freertos_hello.elf.dir/project/sdk/devices/LPC5536/drivers/fsl_flexcomm.c.obj
                0x0000000000000f30                FLEXCOMM2_DriverIRQHandler
 .text.FLEXCOMM3_DriverIRQHandler
                0x0000000000000f48       0x18 CMakeFiles/freertos_hello.elf.dir/project/sdk/devices/LPC5536/drivers/fsl_flexcomm.c.obj
                0x0000000000000f48                FLEXCOMM3_DriverIRQHandler
 .text.FLEXCOMM4_DriverIRQHandler
                0x0000000000000f60       0x18 CMakeFiles/freertos_hello.elf.dir/project/sdk/devices/LPC5536/drivers/fsl_flexcomm.c.obj
                0x0000000000000f60                FLEXCOMM4_DriverIRQHandler
 .text.FLEXCOMM5_DriverIRQHandler
                0x0000000000000f78       0x18 CMakeFiles/freertos_hello.elf.dir/project/sdk/devices/LPC5536/drivers/fsl_flexcomm.c.obj
                0x0000000000000f78                FLEXCOMM5_DriverIRQHandler
 .text.FLEXCOMM6_DriverIRQHandler
                0x0000000000000f90       0x18 CMakeFiles/freertos_hello.elf.dir/project/sdk/devices/LPC5536/drivers/fsl_flexcomm.c.obj
                0x0000000000000f90                FLEXCOMM6_DriverIRQHandler
 .text.FLEXCOMM7_DriverIRQHandler
                0x0000000000000fa8       0x18 CMakeFiles/freertos_hello.elf.dir/project/sdk/devices/LPC5536/drivers/fsl_flexcomm.c.obj
                0x0000000000000fa8                FLEXCOMM7_DriverIRQHandler
 .text.FLEXCOMM8_DriverIRQHandler
                0x0000000000000fc0       0x18 CMakeFiles/freertos_hello.elf.dir/project/sdk/devices/LPC5536/drivers/fsl_flexcomm.c.obj
                0x0000000000000fc0                FLEXCOMM8_DriverIRQHandler
 .text.USART_WriteBlocking
                0x0000000000000fd8       0x34 CMakeFiles/freertos_hello.elf.dir/project/sdk/devices/LPC5536/drivers/fsl_usart.c.obj
                0x0000000000000fd8                USART_WriteBlocking
 .text.POWER_SetSystemVoltage
                0x000000000000100c      0x110 CMakeFiles/freertos_hello.elf.dir/project/sdk/devices/LPC5536/drivers/fsl_power.c.obj
 .text.POWER_PowerInit
                0x000000000000111c       0x70 CMakeFiles/freertos_hello.elf.dir/project/sdk/devices/LPC5536/drivers/fsl_power.c.obj
                0x000000000000111c                POWER_PowerInit
 .text.POWER_SetVoltageForFreq
                0x000000000000118c      0x340 CMakeFiles/freertos_hello.elf.dir/project/sdk/devices/LPC5536/drivers/fsl_power.c.obj
                0x000000000000118c                POWER_SetVoltageForFreq
 .text.vListInitialise
                0x00000000000014cc       0x18 CMakeFiles/freertos_hello.elf.dir/project/sdk/rtos/freertos/freertos-kernel/list.c.obj
                0x00000000000014cc                vListInitialise
 .text.vListInitialiseItem
                0x00000000000014e4        0x8 CMakeFiles/freertos_hello.elf.dir/project/sdk/rtos/freertos/freertos-kernel/list.c.obj
                0x00000000000014e4                vListInitialiseItem
 .text.vListInsert
                0x00000000000014ec       0x30 CMakeFiles/freertos_hello.elf.dir/project/sdk/rtos/freertos/freertos-kernel/list.c.obj
                0x00000000000014ec                vListInsert
 .text.uxListRemove
                0x000000000000151c       0x28 CMakeFiles/freertos_hello.elf.dir/project/sdk/rtos/freertos/freertos-kernel/list.c.obj
                0x000000000000151c                uxListRemove
 .text.xQueueGenericCreate
                0x0000000000001544       0x84 CMakeFiles/freertos_hello.elf.dir/project/sdk/rtos/freertos/freertos-kernel/queue.c.obj
                0x0000000000001544                xQueueGenericCreate
 .text.xQueueReceive
                0x00000000000015c8      0x2c8 CMakeFiles/freertos_hello.elf.dir/project/sdk/rtos/freertos/freertos-kernel/queue.c.obj
                0x00000000000015c8                xQueueReceive
 .text.vQueueAddToRegistry
                0x0000000000001890      0x124 CMakeFiles/freertos_hello.elf.dir/project/sdk/rtos/freertos/freertos-kernel/queue.c.obj
                0x0000000000001890                vQueueAddToRegistry
 .text.vQueueWaitForMessageRestricted
                0x00000000000019b4       0xc8 CMakeFiles/freertos_hello.elf.dir/project/sdk/rtos/freertos/freertos-kernel/queue.c.obj
                0x00000000000019b4                vQueueWaitForMessageRestricted
 .text.prvIdleTask
                0x0000000000001a7c       0x5c CMakeFiles/freertos_hello.elf.dir/project/sdk/rtos/freertos/freertos-kernel/tasks.c.obj
 .text.xTaskIncrementTick.part.0
                0x0000000000001ad8      0x160 CMakeFiles/freertos_hello.elf.dir/project/sdk/rtos/freertos/freertos-kernel/tasks.c.obj
 .text.xTaskResumeAll.part.0
                0x0000000000001c38      0x17c CMakeFiles/freertos_hello.elf.dir/project/sdk/rtos/freertos/freertos-kernel/tasks.c.obj
 .text.xTaskCreate
                0x0000000000001db4      0x1d8 CMakeFiles/freertos_hello.elf.dir/project/sdk/rtos/freertos/freertos-kernel/tasks.c.obj
                0x0000000000001db4                xTaskCreate
 .text.vTaskDelay
                0x0000000000001f8c       0x8c CMakeFiles/freertos_hello.elf.dir/project/sdk/rtos/freertos/freertos-kernel/tasks.c.obj
                0x0000000000001f8c                vTaskDelay
 .text.vTaskStartScheduler
                0x0000000000002018      0x200 CMakeFiles/freertos_hello.elf.dir/project/sdk/rtos/freertos/freertos-kernel/tasks.c.obj
                0x0000000000002018                vTaskStartScheduler
 .text.vTaskSuspendAll
                0x0000000000002218       0x10 CMakeFiles/freertos_hello.elf.dir/project/sdk/rtos/freertos/freertos-kernel/tasks.c.obj
                0x0000000000002218                vTaskSuspendAll
 .text.xTaskResumeAll
                0x0000000000002228       0x1c CMakeFiles/freertos_hello.elf.dir/project/sdk/rtos/freertos/freertos-kernel/tasks.c.obj
                0x0000000000002228                xTaskResumeAll
 .text.xTaskGetTickCount
                0x0000000000002244        0xc CMakeFiles/freertos_hello.elf.dir/project/sdk/rtos/freertos/freertos-kernel/tasks.c.obj
                0x0000000000002244                xTaskGetTickCount
 .text.xTaskIncrementTick
                0x0000000000002250       0x20 CMakeFiles/freertos_hello.elf.dir/project/sdk/rtos/freertos/freertos-kernel/tasks.c.obj
                0x0000000000002250                xTaskIncrementTick
 .text.vTaskSwitchContext
                0x0000000000002270       0xc8 CMakeFiles/freertos_hello.elf.dir/project/sdk/rtos/freertos/freertos-kernel/tasks.c.obj
                0x0000000000002270                vTaskSwitchContext
 .text.vTaskPlaceOnEventList
                0x0000000000002338       0x98 CMakeFiles/freertos_hello.elf.dir/project/sdk/rtos/freertos/freertos-kernel/tasks.c.obj
                0x0000000000002338                vTaskPlaceOnEventList
 .text.vTaskPlaceOnEventListRestricted
                0x00000000000023d0       0xcc CMakeFiles/freertos_hello.elf.dir/project/sdk/rtos/freertos/freertos-kernel/tasks.c.obj
                0x00000000000023d0                vTaskPlaceOnEventListRestricted
 .text.xTaskRemoveFromEventList
                0x000000000000249c       0xd4 CMakeFiles/freertos_hello.elf.dir/project/sdk/rtos/freertos/freertos-kernel/tasks.c.obj
                0x000000000000249c                xTaskRemoveFromEventList
 .text.vTaskInternalSetTimeOutState
                0x0000000000002570       0x18 CMakeFiles/freertos_hello.elf.dir/project/sdk/rtos/freertos/freertos-kernel/tasks.c.obj
                0x0000000000002570                vTaskInternalSetTimeOutState
 .text.xTaskCheckForTimeOut
                0x0000000000002588       0x70 CMakeFiles/freertos_hello.elf.dir/project/sdk/rtos/freertos/freertos-kernel/tasks.c.obj
                0x0000000000002588                xTaskCheckForTimeOut
 .text.vTaskMissedYield
                0x00000000000025f8        0xc CMakeFiles/freertos_hello.elf.dir/project/sdk/rtos/freertos/freertos-kernel/tasks.c.obj
                0x00000000000025f8                vTaskMissedYield
 .text.xTaskGetSchedulerState
                0x0000000000002604       0x20 CMakeFiles/freertos_hello.elf.dir/project/sdk/rtos/freertos/freertos-kernel/tasks.c.obj
                0x0000000000002604                xTaskGetSchedulerState
 .text.prvTimerTask
                0x0000000000002624      0x340 CMakeFiles/freertos_hello.elf.dir/project/sdk/rtos/freertos/freertos-kernel/timers.c.obj
 .text.xTimerCreateTimerTask
                0x0000000000002964       0x8c CMakeFiles/freertos_hello.elf.dir/project/sdk/rtos/freertos/freertos-kernel/timers.c.obj
                0x0000000000002964                xTimerCreateTimerTask
 .text.prvTaskExitError
                0x00000000000029f0       0x2c CMakeFiles/freertos_hello.elf.dir/project/sdk/rtos/freertos/freertos-kernel/portable/GCC/ARM_CM33_NTZ/non_secure/port.c.obj
 .text.vPortSetupTimerInterrupt
                0x0000000000002a1c       0x30 CMakeFiles/freertos_hello.elf.dir/project/sdk/rtos/freertos/freertos-kernel/portable/GCC/ARM_CM33_NTZ/non_secure/port.c.obj
                0x0000000000002a1c                vPortSetupTimerInterrupt
 .text.vPortYield
                0x0000000000002a4c       0x18 CMakeFiles/freertos_hello.elf.dir/project/sdk/rtos/freertos/freertos-kernel/portable/GCC/ARM_CM33_NTZ/non_secure/port.c.obj
                0x0000000000002a4c                vPortYield
 .text.vPortEnterCritical
                0x0000000000002a64       0x1c CMakeFiles/freertos_hello.elf.dir/project/sdk/rtos/freertos/freertos-kernel/portable/GCC/ARM_CM33_NTZ/non_secure/port.c.obj
                0x0000000000002a64                vPortEnterCritical
 .text.vPortExitCritical
                0x0000000000002a80       0x28 CMakeFiles/freertos_hello.elf.dir/project/sdk/rtos/freertos/freertos-kernel/portable/GCC/ARM_CM33_NTZ/non_secure/port.c.obj
                0x0000000000002a80                vPortExitCritical
 .text.SysTick_Handler
                0x0000000000002aa8       0x24 CMakeFiles/freertos_hello.elf.dir/project/sdk/rtos/freertos/freertos-kernel/portable/GCC/ARM_CM33_NTZ/non_secure/port.c.obj
                0x0000000000002aa8                SysTick_Handler
 .text.vPortSVCHandler_C
                0x0000000000002acc       0x38 CMakeFiles/freertos_hello.elf.dir/project/sdk/rtos/freertos/freertos-kernel/portable/GCC/ARM_CM33_NTZ/non_secure/port.c.obj
                0x0000000000002acc                vPortSVCHandler_C
 .text.pxPortInitialiseStack
                0x0000000000002b04       0x78 CMakeFiles/freertos_hello.elf.dir/project/sdk/rtos/freertos/freertos-kernel/portable/GCC/ARM_CM33_NTZ/non_secure/port.c.obj
                0x0000000000002b04                pxPortInitialiseStack
 .text.xPortStartScheduler
                0x0000000000002b7c       0x54 CMakeFiles/freertos_hello.elf.dir/project/sdk/rtos/freertos/freertos-kernel/portable/GCC/ARM_CM33_NTZ/non_secure/port.c.obj
                0x0000000000002b7c                xPortStartScheduler
 .text.vRestoreContextOfFirstTask
                0x0000000000002bd0       0x34 CMakeFiles/freertos_hello.elf.dir/project/sdk/rtos/freertos/freertos-kernel/portable/GCC/ARM_CM33_NTZ/non_secure/portasm.c.obj
                0x0000000000002bd0                vRestoreContextOfFirstTask
 *fill*         0x0000000000002c04        0xc 
 .text.vStartFirstTask
                0x0000000000002c10       0x24 CMakeFiles/freertos_hello.elf.dir/project/sdk/rtos/freertos/freertos-kernel/portable/GCC/ARM_CM33_NTZ/non_secure/portasm.c.obj
                0x0000000000002c10                vStartFirstTask
 .text.ulSetInterruptMask
                0x0000000000002c34       0x18 CMakeFiles/freertos_hello.elf.dir/project/sdk/rtos/freertos/freertos-kernel/portable/GCC/ARM_CM33_NTZ/non_secure/portasm.c.obj
                0x0000000000002c34                ulSetInterruptMask
 .text.vClearInterruptMask
                0x0000000000002c4c       0x10 CMakeFiles/freertos_hello.elf.dir/project/sdk/rtos/freertos/freertos-kernel/portable/GCC/ARM_CM33_NTZ/non_secure/portasm.c.obj
                0x0000000000002c4c                vClearInterruptMask
 *fill*         0x0000000000002c5c        0x4 
 .text.PendSV_Handler
                0x0000000000002c60       0x64 CMakeFiles/freertos_hello.elf.dir/project/sdk/rtos/freertos/freertos-kernel/portable/GCC/ARM_CM33_NTZ/non_secure/portasm.c.obj
                0x0000000000002c60                PendSV_Handler
 *fill*         0x0000000000002cc4        0xc 
 .text.SVC_Handler
                0x0000000000002cd0       0x24 CMakeFiles/freertos_hello.elf.dir/project/sdk/rtos/freertos/freertos-kernel/portable/GCC/ARM_CM33_NTZ/non_secure/portasm.c.obj
                0x0000000000002cd0                SVC_Handler
 .text.pvPortMalloc
                0x0000000000002cf4      0x14c CMakeFiles/freertos_hello.elf.dir/project/sdk/rtos/freertos/freertos-kernel/portable/MemMang/heap_4.c.obj
                0x0000000000002cf4                pvPortMalloc
 .text.vPortFree
                0x0000000000002e40       0xa4 CMakeFiles/freertos_hello.elf.dir/project/sdk/rtos/freertos/freertos-kernel/portable/MemMang/heap_4.c.obj
                0x0000000000002e40                vPortFree
 .text.StrFormatPrintf
                0x0000000000002ee4      0x2fc CMakeFiles/freertos_hello.elf.dir/project/sdk/devices/LPC5536/utilities/str/fsl_str.c.obj
                0x0000000000002ee4                StrFormatPrintf
 .text.DbgConsole_PrintCallback
                0x00000000000031e0       0x58 CMakeFiles/freertos_hello.elf.dir/project/sdk/devices/LPC5536/utilities/debug_console/fsl_debug_console.c.obj
 .text.DbgConsole_Printf
                0x0000000000003238       0x64 CMakeFiles/freertos_hello.elf.dir/project/sdk/devices/LPC5536/utilities/debug_console/fsl_debug_console.c.obj
                0x0000000000003238                DbgConsole_Printf
 .text.exit     0x000000000000329c       0x24 /opt/arm/arm-gnu-toolchain-12.2.rel1-x86_64-arm-none-eabi/bin/../lib/gcc/arm-none-eabi/12.2.1/../../../../arm-none-eabi/lib/thumb/v8-m.main+fp/hard/libc_nano.a(libc_a-exit.o)
                0x000000000000329c                exit
 .text.__libc_init_array
                0x00000000000032c0       0x48 /opt/arm/arm-gnu-toolchain-12.2.rel1-x86_64-arm-none-eabi/bin/../lib/gcc/arm-none-eabi/12.2.1/../../../../arm-none-eabi/lib/thumb/v8-m.main+fp/hard/libc_nano.a(libc_a-init.o)
                0x00000000000032c0                __libc_init_array
 .text.memset   0x0000000000003308       0x10 /opt/arm/arm-gnu-toolchain-12.2.rel1-x86_64-arm-none-eabi/bin/../lib/gcc/arm-none-eabi/12.2.1/../../../../arm-none-eabi/lib/thumb/v8-m.main+fp/hard/libc_nano.a(libc_a-memset.o)
                0x0000000000003308                memset
 .text._exit    0x0000000000003318        0x2 /opt/arm/arm-gnu-toolchain-12.2.rel1-x86_64-arm-none-eabi/bin/../lib/gcc/arm-none-eabi/12.2.1/../../../../arm-none-eabi/lib/thumb/v8-m.main+fp/hard/libcr_newlib_nohost.a(_exit.o)
                0x0000000000003318                _exit
 *(.rodata)
 *(.rodata*)
 *fill*         0x000000000000331a        0x2 
 .rodata.hello_task.str1.4
                0x000000000000331c        0xf CMakeFiles/freertos_hello.elf.dir/project/src/freertos_hello.c.obj
 *fill*         0x000000000000332b        0x1 
 .rodata.main.str1.4
                0x000000000000332c       0x25 CMakeFiles/freertos_hello.elf.dir/project/src/freertos_hello.c.obj
 *fill*         0x0000000000003351        0x3 
 .rodata.s_UsartAdapterBase
                0x0000000000003354       0x20 CMakeFiles/freertos_hello.elf.dir/project/sdk/components/uart/fsl_adapter_usart.c.obj
 .rodata.IntervalList
                0x0000000000003374       0x60 CMakeFiles/freertos_hello.elf.dir/project/sdk/devices/LPC5536/drivers/fsl_clock.c.obj
 .rodata.vTaskStartScheduler.str1.4
                0x00000000000033d4        0x5 CMakeFiles/freertos_hello.elf.dir/project/sdk/rtos/freertos/freertos-kernel/tasks.c.obj
 *fill*         0x00000000000033d9        0x3 
 .rodata.xTimerCreateTimerTask.str1.4
                0x00000000000033dc       0x10 CMakeFiles/freertos_hello.elf.dir/project/sdk/rtos/freertos/freertos-kernel/timers.c.obj
 .rodata.CSWTCH.75
                0x00000000000033ec        0xf CMakeFiles/freertos_hello.elf.dir/project/sdk/devices/LPC5536/utilities/str/fsl_str.c.obj
 *(.glue_7)
 .glue_7        0x00000000000033fb        0x0 linker stubs
 *(.glue_7t)
 .glue_7t       0x00000000000033fb        0x0 linker stubs
 *(.eh_frame)
 *fill*         0x00000000000033fb        0x1 
 .eh_frame      0x00000000000033fc        0x0 /opt/arm/arm-gnu-toolchain-12.2.rel1-x86_64-arm-none-eabi/bin/../lib/gcc/arm-none-eabi/12.2.1/thumb/v8-m.main+fp/hard/crtbegin.o
 *(.init)
 .init          0x00000000000033fc        0x4 /opt/arm/arm-gnu-toolchain-12.2.rel1-x86_64-arm-none-eabi/bin/../lib/gcc/arm-none-eabi/12.2.1/thumb/v8-m.main+fp/hard/crti.o
                0x00000000000033fc                _init
 .init          0x0000000000003400        0x8 /opt/arm/arm-gnu-toolchain-12.2.rel1-x86_64-arm-none-eabi/bin/../lib/gcc/arm-none-eabi/12.2.1/thumb/v8-m.main+fp/hard/crtn.o
 *(.fini)
 .fini          0x0000000000003408        0x4 /opt/arm/arm-gnu-toolchain-12.2.rel1-x86_64-arm-none-eabi/bin/../lib/gcc/arm-none-eabi/12.2.1/thumb/v8-m.main+fp/hard/crti.o
                0x0000000000003408                _fini
 .fini          0x000000000000340c        0x8 /opt/arm/arm-gnu-toolchain-12.2.rel1-x86_64-arm-none-eabi/bin/../lib/gcc/arm-none-eabi/12.2.1/thumb/v8-m.main+fp/hard/crtn.o
                0x0000000000003414                . = ALIGN (0x4)

.vfp11_veneer   0x0000000000003414        0x0
 .vfp11_veneer  0x0000000000003414        0x0 linker stubs

.v4_bx          0x0000000000003414        0x0
 .v4_bx         0x0000000000003414        0x0 linker stubs

.iplt           0x0000000000003414        0x0
 .iplt          0x0000000000003414        0x0 /opt/arm/arm-gnu-toolchain-12.2.rel1-x86_64-arm-none-eabi/bin/../lib/gcc/arm-none-eabi/12.2.1/thumb/v8-m.main+fp/hard/crtbegin.o

.ARM.extab
 *(.ARM.extab* .gnu.linkonce.armextab.*)

.ARM            0x0000000000003414        0x8
                0x0000000000003414                __exidx_start = .
 *(.ARM.exidx*)
 .ARM.exidx     0x0000000000003414        0x8 /opt/arm/arm-gnu-toolchain-12.2.rel1-x86_64-arm-none-eabi/bin/../lib/gcc/arm-none-eabi/12.2.1/../../../../arm-none-eabi/lib/thumb/v8-m.main+fp/hard/crt0.o
                                         0x10 (size before relaxing)
                0x000000000000341c                __exidx_end = .

.rel.dyn        0x000000000000341c        0x0
 .rel.iplt      0x000000000000341c        0x0 /opt/arm/arm-gnu-toolchain-12.2.rel1-x86_64-arm-none-eabi/bin/../lib/gcc/arm-none-eabi/12.2.1/thumb/v8-m.main+fp/hard/crtbegin.o

.ctors          0x000000000000341c        0x0
                0x000000000000341c                __CTOR_LIST__ = .
 *crtbegin.o(.ctors)
 *crtbegin?.o(.ctors)
 *(EXCLUDE_FILE(*crtend.o *crtend?.o) .ctors)
 *(SORT_BY_NAME(.ctors.*))
 *(.ctors)
                0x000000000000341c                __CTOR_END__ = .

.dtors          0x000000000000341c        0x0
                0x000000000000341c                __DTOR_LIST__ = .
 *crtbegin.o(.dtors)
 *crtbegin?.o(.dtors)
 *(EXCLUDE_FILE(*crtend.o *crtend?.o) .dtors)
 *(SORT_BY_NAME(.dtors.*))
 *(.dtors)
                0x000000000000341c                __DTOR_END__ = .

.preinit_array  0x000000000000341c        0x0
                0x000000000000341c                PROVIDE (__preinit_array_start = .)
 *(.preinit_array*)
                0x000000000000341c                PROVIDE (__preinit_array_end = .)

.init_array     0x000000000000341c        0x4
                0x000000000000341c                PROVIDE (__init_array_start = .)
 *(SORT_BY_NAME(.init_array.*))
 *(.init_array*)
 .init_array    0x000000000000341c        0x4 /opt/arm/arm-gnu-toolchain-12.2.rel1-x86_64-arm-none-eabi/bin/../lib/gcc/arm-none-eabi/12.2.1/thumb/v8-m.main+fp/hard/crtbegin.o
                0x0000000000003420                PROVIDE (__init_array_end = .)

.fini_array     0x0000000000003420        0x4
                [!provide]                        PROVIDE (__fini_array_start = .)
 *(SORT_BY_NAME(.fini_array.*))
 *(.fini_array*)
 .fini_array    0x0000000000003420        0x4 /opt/arm/arm-gnu-toolchain-12.2.rel1-x86_64-arm-none-eabi/bin/../lib/gcc/arm-none-eabi/12.2.1/thumb/v8-m.main+fp/hard/crtbegin.o
                [!provide]                        PROVIDE (__fini_array_end = .)
                0x0000000000003424                __etext = .
                0x0000000000003424                __DATA_ROM = .

.data           0x0000000020000000        0xc load address 0x0000000000003424
                0x0000000020000000                . = ALIGN (0x4)
                0x0000000020000000                __DATA_RAM = .
                0x0000000020000000                __data_start__ = .
 *(.ramfunc*)
 *(.data)
 *(.data*)
 .data.SystemCoreClock
                0x0000000020000000        0x4 CMakeFiles/freertos_hello.elf.dir/project/sdk/devices/LPC5536/system_LPC5536.c.obj
                0x0000000020000000                SystemCoreClock
 .data.uxTopUsedPriority
                0x0000000020000004        0x4 CMakeFiles/freertos_hello.elf.dir/project/sdk/rtos/freertos/freertos-kernel/tasks.c.obj
                0x0000000020000004                uxTopUsedPriority
 .data.ulCriticalNesting
                0x0000000020000008        0x4 CMakeFiles/freertos_hello.elf.dir/project/sdk/rtos/freertos/freertos-kernel/portable/GCC/ARM_CM33_NTZ/non_secure/port.c.obj
 *(.jcr*)
                0x000000002000000c                . = ALIGN (0x4)
                0x000000002000000c                __data_end__ = .
                0x0000000000003430                __DATA_END = (__DATA_ROM + (__data_end__ - __data_start__))
                0x0000000000010400                text_end = (ORIGIN (m_text) + LENGTH (m_text))
                0x0000000000000001                ASSERT ((__DATA_END <= text_end), region m_text overflowed with text and data)

.tm_clone_table
                0x000000002000000c        0x0 load address 0x0000000000003430
 .tm_clone_table
                0x000000002000000c        0x0 /opt/arm/arm-gnu-toolchain-12.2.rel1-x86_64-arm-none-eabi/bin/../lib/gcc/arm-none-eabi/12.2.1/thumb/v8-m.main+fp/hard/crtbegin.o
 .tm_clone_table
                0x000000002000000c        0x0 /opt/arm/arm-gnu-toolchain-12.2.rel1-x86_64-arm-none-eabi/bin/../lib/gcc/arm-none-eabi/12.2.1/thumb/v8-m.main+fp/hard/crtend.o

.igot.plt       0x000000002000000c        0x0 load address 0x0000000000003430
 .igot.plt      0x000000002000000c        0x0 /opt/arm/arm-gnu-toolchain-12.2.rel1-x86_64-arm-none-eabi/bin/../lib/gcc/arm-none-eabi/12.2.1/thumb/v8-m.main+fp/hard/crtbegin.o

.bss            0x0000000020000010     0x2a2c load address 0x0000000000003438
                0x0000000020000010                . = ALIGN (0x4)
                0x0000000020000010                __START_BSS = .
                0x0000000020000010                __bss_start__ = .
 *(.bss)
 *(.bss*)
 .bss.completed.1
                0x0000000020000010        0x1 /opt/arm/arm-gnu-toolchain-12.2.rel1-x86_64-arm-none-eabi/bin/../lib/gcc/arm-none-eabi/12.2.1/thumb/v8-m.main+fp/hard/crtbegin.o
 *fill*         0x0000000020000011        0x3 
 .bss.object.0  0x0000000020000014       0x18 /opt/arm/arm-gnu-toolchain-12.2.rel1-x86_64-arm-none-eabi/bin/../lib/gcc/arm-none-eabi/12.2.1/thumb/v8-m.main+fp/hard/crtbegin.o
 .bss.s_flexcommHandle
                0x000000002000002c       0x24 CMakeFiles/freertos_hello.elf.dir/project/sdk/devices/LPC5536/drivers/fsl_flexcomm.c.obj
 .bss.s_flexcommIrqHandler
                0x0000000020000050       0x24 CMakeFiles/freertos_hello.elf.dir/project/sdk/devices/LPC5536/drivers/fsl_flexcomm.c.obj
 *fill*         0x0000000020000074        0x4 
 .bss.xQueueRegistry
                0x0000000020000078       0x40 CMakeFiles/freertos_hello.elf.dir/project/sdk/rtos/freertos/freertos-kernel/queue.c.obj
                0x0000000020000078                xQueueRegistry
 .bss.uxSchedulerSuspended
                0x00000000200000b8        0x4 CMakeFiles/freertos_hello.elf.dir/project/sdk/rtos/freertos/freertos-kernel/tasks.c.obj
 .bss.xIdleTaskHandle
                0x00000000200000bc        0x4 CMakeFiles/freertos_hello.elf.dir/project/sdk/rtos/freertos/freertos-kernel/tasks.c.obj
 .bss.xNextTaskUnblockTime
                0x00000000200000c0        0x4 CMakeFiles/freertos_hello.elf.dir/project/sdk/rtos/freertos/freertos-kernel/tasks.c.obj
 .bss.uxTaskNumber
                0x00000000200000c4        0x4 CMakeFiles/freertos_hello.elf.dir/project/sdk/rtos/freertos/freertos-kernel/tasks.c.obj
 .bss.xNumOfOverflows
                0x00000000200000c8        0x4 CMakeFiles/freertos_hello.elf.dir/project/sdk/rtos/freertos/freertos-kernel/tasks.c.obj
 .bss.xYieldPending
                0x00000000200000cc        0x4 CMakeFiles/freertos_hello.elf.dir/project/sdk/rtos/freertos/freertos-kernel/tasks.c.obj
 .bss.xPendedTicks
                0x00000000200000d0        0x4 CMakeFiles/freertos_hello.elf.dir/project/sdk/rtos/freertos/freertos-kernel/tasks.c.obj
 .bss.xSchedulerRunning
                0x00000000200000d4        0x4 CMakeFiles/freertos_hello.elf.dir/project/sdk/rtos/freertos/freertos-kernel/tasks.c.obj
 .bss.uxTopReadyPriority
                0x00000000200000d8        0x4 CMakeFiles/freertos_hello.elf.dir/project/sdk/rtos/freertos/freertos-kernel/tasks.c.obj
 .bss.xTickCount
                0x00000000200000dc        0x4 CMakeFiles/freertos_hello.elf.dir/project/sdk/rtos/freertos/freertos-kernel/tasks.c.obj
 .bss.uxCurrentNumberOfTasks
                0x00000000200000e0        0x4 CMakeFiles/freertos_hello.elf.dir/project/sdk/rtos/freertos/freertos-kernel/tasks.c.obj
 .bss.xSuspendedTaskList
                0x00000000200000e4       0x14 CMakeFiles/freertos_hello.elf.dir/project/sdk/rtos/freertos/freertos-kernel/tasks.c.obj
 .bss.uxDeletedTasksWaitingCleanUp
                0x00000000200000f8        0x4 CMakeFiles/freertos_hello.elf.dir/project/sdk/rtos/freertos/freertos-kernel/tasks.c.obj
 .bss.xTasksWaitingTermination
                0x00000000200000fc       0x14 CMakeFiles/freertos_hello.elf.dir/project/sdk/rtos/freertos/freertos-kernel/tasks.c.obj
 .bss.xPendingReadyList
                0x0000000020000110       0x14 CMakeFiles/freertos_hello.elf.dir/project/sdk/rtos/freertos/freertos-kernel/tasks.c.obj
 .bss.pxOverflowDelayedTaskList
                0x0000000020000124        0x4 CMakeFiles/freertos_hello.elf.dir/project/sdk/rtos/freertos/freertos-kernel/tasks.c.obj
 .bss.pxDelayedTaskList
                0x0000000020000128        0x4 CMakeFiles/freertos_hello.elf.dir/project/sdk/rtos/freertos/freertos-kernel/tasks.c.obj
 .bss.xDelayedTaskList2
                0x000000002000012c       0x14 CMakeFiles/freertos_hello.elf.dir/project/sdk/rtos/freertos/freertos-kernel/tasks.c.obj
 .bss.xDelayedTaskList1
                0x0000000020000140       0x14 CMakeFiles/freertos_hello.elf.dir/project/sdk/rtos/freertos/freertos-kernel/tasks.c.obj
 .bss.pxReadyTasksLists
                0x0000000020000154       0x64 CMakeFiles/freertos_hello.elf.dir/project/sdk/rtos/freertos/freertos-kernel/tasks.c.obj
 .bss.pxCurrentTCB
                0x00000000200001b8        0x4 CMakeFiles/freertos_hello.elf.dir/project/sdk/rtos/freertos/freertos-kernel/tasks.c.obj
                0x00000000200001b8                pxCurrentTCB
 .bss.xLastTime.0
                0x00000000200001bc        0x4 CMakeFiles/freertos_hello.elf.dir/project/sdk/rtos/freertos/freertos-kernel/timers.c.obj
 .bss.xTimerTaskHandle
                0x00000000200001c0        0x4 CMakeFiles/freertos_hello.elf.dir/project/sdk/rtos/freertos/freertos-kernel/timers.c.obj
 .bss.xTimerQueue
                0x00000000200001c4        0x4 CMakeFiles/freertos_hello.elf.dir/project/sdk/rtos/freertos/freertos-kernel/timers.c.obj
 .bss.pxOverflowTimerList
                0x00000000200001c8        0x4 CMakeFiles/freertos_hello.elf.dir/project/sdk/rtos/freertos/freertos-kernel/timers.c.obj
 .bss.pxCurrentTimerList
                0x00000000200001cc        0x4 CMakeFiles/freertos_hello.elf.dir/project/sdk/rtos/freertos/freertos-kernel/timers.c.obj
 .bss.xActiveTimerList2
                0x00000000200001d0       0x14 CMakeFiles/freertos_hello.elf.dir/project/sdk/rtos/freertos/freertos-kernel/timers.c.obj
 .bss.xActiveTimerList1
                0x00000000200001e4       0x14 CMakeFiles/freertos_hello.elf.dir/project/sdk/rtos/freertos/freertos-kernel/timers.c.obj
 .bss.xNumberOfSuccessfulFrees
                0x00000000200001f8        0x4 CMakeFiles/freertos_hello.elf.dir/project/sdk/rtos/freertos/freertos-kernel/portable/MemMang/heap_4.c.obj
 .bss.xNumberOfSuccessfulAllocations
                0x00000000200001fc        0x4 CMakeFiles/freertos_hello.elf.dir/project/sdk/rtos/freertos/freertos-kernel/portable/MemMang/heap_4.c.obj
 .bss.xMinimumEverFreeBytesRemaining
                0x0000000020000200        0x4 CMakeFiles/freertos_hello.elf.dir/project/sdk/rtos/freertos/freertos-kernel/portable/MemMang/heap_4.c.obj
 .bss.xFreeBytesRemaining
                0x0000000020000204        0x4 CMakeFiles/freertos_hello.elf.dir/project/sdk/rtos/freertos/freertos-kernel/portable/MemMang/heap_4.c.obj
 .bss.pxEnd     0x0000000020000208        0x4 CMakeFiles/freertos_hello.elf.dir/project/sdk/rtos/freertos/freertos-kernel/portable/MemMang/heap_4.c.obj
 .bss.xStart    0x000000002000020c        0x8 CMakeFiles/freertos_hello.elf.dir/project/sdk/rtos/freertos/freertos-kernel/portable/MemMang/heap_4.c.obj
 .bss.ucHeap    0x0000000020000214     0x2800 CMakeFiles/freertos_hello.elf.dir/project/sdk/rtos/freertos/freertos-kernel/portable/MemMang/heap_4.c.obj
 .bss.g_serialHandle
                0x0000000020002a14        0x4 CMakeFiles/freertos_hello.elf.dir/project/sdk/devices/LPC5536/utilities/debug_console/fsl_debug_console.c.obj
                0x0000000020002a14                g_serialHandle
 .bss.s_debugConsoleState
                0x0000000020002a18       0x20 CMakeFiles/freertos_hello.elf.dir/project/sdk/devices/LPC5536/utilities/debug_console/fsl_debug_console.c.obj
 .bss.__stdio_exit_handler
                0x0000000020002a38        0x4 /opt/arm/arm-gnu-toolchain-12.2.rel1-x86_64-arm-none-eabi/bin/../lib/gcc/arm-none-eabi/12.2.1/../../../../arm-none-eabi/lib/thumb/v8-m.main+fp/hard/libc_nano.a(libc_a-findfp.o)
                0x0000000020002a38                __stdio_exit_handler
 *(COMMON)
                0x0000000020002a3c                . = ALIGN (0x4)
                0x0000000020002a3c                __bss_end__ = .
                0x0000000020002a3c                __END_BSS = .

.heap           0x0000000020002a3c      0x404 load address 0x0000000000005e64
                0x0000000020002a40                . = ALIGN (0x8)
 *fill*         0x0000000020002a3c        0x4 
                0x0000000020002a40                __end__ = .
                0x0000000020002a40                PROVIDE (end = .)
                0x0000000020002a40                __HeapBase = .
                0x0000000020002e40                . = (. + HEAP_SIZE)
 *fill*         0x0000000020002a40      0x400 
                0x0000000020002e40                __HeapLimit = .
                0x0000000020002e40                __heap_limit = .

.stack          0x0000000020002e40      0x800 load address 0x0000000000006268
                0x0000000020002e40                . = ALIGN (0x8)
                0x0000000020003640                . = (. + STACK_SIZE)
 *fill*         0x0000000020002e40      0x800 
                0x000000002001c000                __StackTop = (ORIGIN (m_data) + LENGTH (m_data))
                0x000000002001b800                __StackLimit = (__StackTop - STACK_SIZE)
                0x000000002001c000                PROVIDE (__stack = __StackTop)

.ARM.attributes
                0x0000000000000000       0x36
 *(.ARM.attributes)
 .ARM.attributes
                0x0000000000000000       0x26 /opt/arm/arm-gnu-toolchain-12.2.rel1-x86_64-arm-none-eabi/bin/../lib/gcc/arm-none-eabi/12.2.1/thumb/v8-m.main+fp/hard/crti.o
 .ARM.attributes
                0x0000000000000026       0x38 /opt/arm/arm-gnu-toolchain-12.2.rel1-x86_64-arm-none-eabi/bin/../lib/gcc/arm-none-eabi/12.2.1/thumb/v8-m.main+fp/hard/crtbegin.o
 .ARM.attributes
                0x000000000000005e       0x24 /opt/arm/arm-gnu-toolchain-12.2.rel1-x86_64-arm-none-eabi/bin/../lib/gcc/arm-none-eabi/12.2.1/../../../../arm-none-eabi/lib/thumb/v8-m.main+fp/hard/crt0.o
 .ARM.attributes
                0x0000000000000082       0x3a CMakeFiles/freertos_hello.elf.dir/project/src/freertos_hello.c.obj
 .ARM.attributes
                0x00000000000000bc       0x3a CMakeFiles/freertos_hello.elf.dir/project/src/versionInfo.c.obj
 .ARM.attributes
                0x00000000000000f6       0x3a CMakeFiles/freertos_hello.elf.dir/project/board/clock_config.c.obj
 .ARM.attributes
                0x0000000000000130       0x3a CMakeFiles/freertos_hello.elf.dir/project/board/pin_mux.c.obj
 .ARM.attributes
                0x000000000000016a       0x3a CMakeFiles/freertos_hello.elf.dir/project/sdk/components/serial_manager/fsl_component_serial_manager.c.obj
 .ARM.attributes
                0x00000000000001a4       0x3a CMakeFiles/freertos_hello.elf.dir/project/sdk/components/serial_manager/fsl_component_serial_port_uart.c.obj
 .ARM.attributes
                0x00000000000001de       0x3a CMakeFiles/freertos_hello.elf.dir/project/sdk/components/uart/fsl_adapter_usart.c.obj
 .ARM.attributes
                0x0000000000000218       0x24 CMakeFiles/freertos_hello.elf.dir/project/sdk/devices/LPC5536/gcc/startup_LPC5536.S.obj
 .ARM.attributes
                0x000000000000023c       0x3a CMakeFiles/freertos_hello.elf.dir/project/sdk/devices/LPC5536/system_LPC5536.c.obj
 .ARM.attributes
                0x0000000000000276       0x3a CMakeFiles/freertos_hello.elf.dir/project/sdk/devices/LPC5536/drivers/fsl_clock.c.obj
 .ARM.attributes
                0x00000000000002b0       0x3a CMakeFiles/freertos_hello.elf.dir/project/sdk/devices/LPC5536/drivers/fsl_flexcomm.c.obj
 .ARM.attributes
                0x00000000000002ea       0x3a CMakeFiles/freertos_hello.elf.dir/project/sdk/devices/LPC5536/drivers/fsl_usart.c.obj
 .ARM.attributes
                0x0000000000000324       0x3a CMakeFiles/freertos_hello.elf.dir/project/sdk/devices/LPC5536/drivers/fsl_power.c.obj
 .ARM.attributes
                0x000000000000035e       0x3a CMakeFiles/freertos_hello.elf.dir/project/sdk/rtos/freertos/freertos-kernel/list.c.obj
 .ARM.attributes
                0x0000000000000398       0x3a CMakeFiles/freertos_hello.elf.dir/project/sdk/rtos/freertos/freertos-kernel/queue.c.obj
 .ARM.attributes
                0x00000000000003d2       0x3a CMakeFiles/freertos_hello.elf.dir/project/sdk/rtos/freertos/freertos-kernel/tasks.c.obj
 .ARM.attributes
                0x000000000000040c       0x3a CMakeFiles/freertos_hello.elf.dir/project/sdk/rtos/freertos/freertos-kernel/timers.c.obj
 .ARM.attributes
                0x0000000000000446       0x3a CMakeFiles/freertos_hello.elf.dir/project/sdk/rtos/freertos/freertos-kernel/portable/GCC/ARM_CM33_NTZ/non_secure/port.c.obj
 .ARM.attributes
                0x0000000000000480       0x3a CMakeFiles/freertos_hello.elf.dir/project/sdk/rtos/freertos/freertos-kernel/portable/GCC/ARM_CM33_NTZ/non_secure/portasm.c.obj
 .ARM.attributes
                0x00000000000004ba       0x3a CMakeFiles/freertos_hello.elf.dir/project/sdk/rtos/freertos/freertos-kernel/portable/MemMang/heap_4.c.obj
 .ARM.attributes
                0x00000000000004f4       0x26 CMakeFiles/freertos_hello.elf.dir/project/sdk/devices/LPC5536/utilities/fsl_memcpy.S.obj
 .ARM.attributes
                0x000000000000051a       0x3a CMakeFiles/freertos_hello.elf.dir/project/sdk/devices/LPC5536/utilities/str/fsl_str.c.obj
 .ARM.attributes
                0x0000000000000554       0x3a CMakeFiles/freertos_hello.elf.dir/project/sdk/devices/LPC5536/utilities/debug_console/fsl_debug_console.c.obj
 .ARM.attributes
                0x000000000000058e       0x38 /opt/arm/arm-gnu-toolchain-12.2.rel1-x86_64-arm-none-eabi/bin/../lib/gcc/arm-none-eabi/12.2.1/../../../../arm-none-eabi/lib/thumb/v8-m.main+fp/hard/libc_nano.a(libc_a-exit.o)
 .ARM.attributes
                0x00000000000005c6       0x38 /opt/arm/arm-gnu-toolchain-12.2.rel1-x86_64-arm-none-eabi/bin/../lib/gcc/arm-none-eabi/12.2.1/../../../../arm-none-eabi/lib/thumb/v8-m.main+fp/hard/libc_nano.a(libc_a-init.o)
 .ARM.attributes
                0x00000000000005fe       0x38 /opt/arm/arm-gnu-toolchain-12.2.rel1-x86_64-arm-none-eabi/bin/../lib/gcc/arm-none-eabi/12.2.1/../../../../arm-none-eabi/lib/thumb/v8-m.main+fp/hard/libc_nano.a(libc_a-findfp.o)
 .ARM.attributes
                0x0000000000000636       0x17 /opt/arm/arm-gnu-toolchain-12.2.rel1-x86_64-arm-none-eabi/bin/../lib/gcc/arm-none-eabi/12.2.1/../../../../arm-none-eabi/lib/thumb/v8-m.main+fp/hard/libc_nano.a(libc_a-strlen.o)
 .ARM.attributes
                0x000000000000064d       0x38 /opt/arm/arm-gnu-toolchain-12.2.rel1-x86_64-arm-none-eabi/bin/../lib/gcc/arm-none-eabi/12.2.1/../../../../arm-none-eabi/lib/thumb/v8-m.main+fp/hard/libc_nano.a(libc_a-memset.o)
 .ARM.attributes
                0x0000000000000685       0x38 /opt/arm/arm-gnu-toolchain-12.2.rel1-x86_64-arm-none-eabi/bin/../lib/gcc/arm-none-eabi/12.2.1/../../../../arm-none-eabi/lib/thumb/v8-m.main+fp/hard/libcr_newlib_nohost.a(_exit.o)
 .ARM.attributes
                0x00000000000006bd       0x38 /opt/arm/arm-gnu-toolchain-12.2.rel1-x86_64-arm-none-eabi/bin/../lib/gcc/arm-none-eabi/12.2.1/thumb/v8-m.main+fp/hard/crtend.o
 .ARM.attributes
                0x00000000000006f5       0x26 /opt/arm/arm-gnu-toolchain-12.2.rel1-x86_64-arm-none-eabi/bin/../lib/gcc/arm-none-eabi/12.2.1/thumb/v8-m.main+fp/hard/crtn.o
                0x0000000000000001                ASSERT ((__StackLimit >= __HeapLimit), region m_data overflowed with stack and heap)
OUTPUT(release/freertos_hello.elf elf32-littlearm)
LOAD linker stubs

.debug_line_str
                0x0000000000000000      0x1c8
 .debug_line_str
                0x0000000000000000       0xe0 /opt/arm/arm-gnu-toolchain-12.2.rel1-x86_64-arm-none-eabi/bin/../lib/gcc/arm-none-eabi/12.2.1/../../../../arm-none-eabi/lib/thumb/v8-m.main+fp/hard/crt0.o
 .debug_line_str
                0x00000000000000e0       0xe8 /opt/arm/arm-gnu-toolchain-12.2.rel1-x86_64-arm-none-eabi/bin/../lib/gcc/arm-none-eabi/12.2.1/../../../../arm-none-eabi/lib/thumb/v8-m.main+fp/hard/libc_nano.a(libc_a-strlen.o)

.comment        0x0000000000000000       0x45
 .comment       0x0000000000000000       0x45 CMakeFiles/freertos_hello.elf.dir/project/src/freertos_hello.c.obj
                                         0x46 (size before relaxing)
 .comment       0x0000000000000045       0x46 CMakeFiles/freertos_hello.elf.dir/project/src/versionInfo.c.obj
 .comment       0x0000000000000045       0x46 CMakeFiles/freertos_hello.elf.dir/project/board/clock_config.c.obj
 .comment       0x0000000000000045       0x46 CMakeFiles/freertos_hello.elf.dir/project/board/pin_mux.c.obj
 .comment       0x0000000000000045       0x46 CMakeFiles/freertos_hello.elf.dir/project/sdk/components/serial_manager/fsl_component_serial_manager.c.obj
 .comment       0x0000000000000045       0x46 CMakeFiles/freertos_hello.elf.dir/project/sdk/components/serial_manager/fsl_component_serial_port_uart.c.obj
 .comment       0x0000000000000045       0x46 CMakeFiles/freertos_hello.elf.dir/project/sdk/components/uart/fsl_adapter_usart.c.obj
 .comment       0x0000000000000045       0x46 CMakeFiles/freertos_hello.elf.dir/project/sdk/devices/LPC5536/system_LPC5536.c.obj
 .comment       0x0000000000000045       0x46 CMakeFiles/freertos_hello.elf.dir/project/sdk/devices/LPC5536/drivers/fsl_clock.c.obj
 .comment       0x0000000000000045       0x46 CMakeFiles/freertos_hello.elf.dir/project/sdk/devices/LPC5536/drivers/fsl_flexcomm.c.obj
 .comment       0x0000000000000045       0x46 CMakeFiles/freertos_hello.elf.dir/project/sdk/devices/LPC5536/drivers/fsl_usart.c.obj
 .comment       0x0000000000000045       0x46 CMakeFiles/freertos_hello.elf.dir/project/sdk/devices/LPC5536/drivers/fsl_power.c.obj
 .comment       0x0000000000000045       0x46 CMakeFiles/freertos_hello.elf.dir/project/sdk/rtos/freertos/freertos-kernel/list.c.obj
 .comment       0x0000000000000045       0x46 CMakeFiles/freertos_hello.elf.dir/project/sdk/rtos/freertos/freertos-kernel/queue.c.obj
 .comment       0x0000000000000045       0x46 CMakeFiles/freertos_hello.elf.dir/project/sdk/rtos/freertos/freertos-kernel/tasks.c.obj
 .comment       0x0000000000000045       0x46 CMakeFiles/freertos_hello.elf.dir/project/sdk/rtos/freertos/freertos-kernel/timers.c.obj
 .comment       0x0000000000000045       0x46 CMakeFiles/freertos_hello.elf.dir/project/sdk/rtos/freertos/freertos-kernel/portable/GCC/ARM_CM33_NTZ/non_secure/port.c.obj
 .comment       0x0000000000000045       0x46 CMakeFiles/freertos_hello.elf.dir/project/sdk/rtos/freertos/freertos-kernel/portable/GCC/ARM_CM33_NTZ/non_secure/portasm.c.obj
 .comment       0x0000000000000045       0x46 CMakeFiles/freertos_hello.elf.dir/project/sdk/rtos/freertos/freertos-kernel/portable/MemMang/heap_4.c.obj
 .comment       0x0000000000000045       0x46 CMakeFiles/freertos_hello.elf.dir/project/sdk/devices/LPC5536/utilities/str/fsl_str.c.obj
 .comment       0x0000000000000045       0x46 CMakeFiles/freertos_hello.elf.dir/project/sdk/devices/LPC5536/utilities/debug_console/fsl_debug_console.c.obj
 .comment       0x0000000000000045       0x46 /opt/arm/arm-gnu-toolchain-12.2.rel1-x86_64-arm-none-eabi/bin/../lib/gcc/arm-none-eabi/12.2.1/../../../../arm-none-eabi/lib/thumb/v8-m.main+fp/hard/libcr_newlib_nohost.a(_exit.o)

.debug_frame    0x0000000000000000      0x1d8
 .debug_frame   0x0000000000000000       0x28 /opt/arm/arm-gnu-toolchain-12.2.rel1-x86_64-arm-none-eabi/bin/../lib/gcc/arm-none-eabi/12.2.1/../../../../arm-none-eabi/lib/thumb/v8-m.main+fp/hard/libc_nano.a(libc_a-exit.o)
 .debug_frame   0x0000000000000028       0x2c /opt/arm/arm-gnu-toolchain-12.2.rel1-x86_64-arm-none-eabi/bin/../lib/gcc/arm-none-eabi/12.2.1/../../../../arm-none-eabi/lib/thumb/v8-m.main+fp/hard/libc_nano.a(libc_a-init.o)
 .debug_frame   0x0000000000000054      0x144 /opt/arm/arm-gnu-toolchain-12.2.rel1-x86_64-arm-none-eabi/bin/../lib/gcc/arm-none-eabi/12.2.1/../../../../arm-none-eabi/lib/thumb/v8-m.main+fp/hard/libc_nano.a(libc_a-findfp.o)
 .debug_frame   0x0000000000000198       0x20 /opt/arm/arm-gnu-toolchain-12.2.rel1-x86_64-arm-none-eabi/bin/../lib/gcc/arm-none-eabi/12.2.1/../../../../arm-none-eabi/lib/thumb/v8-m.main+fp/hard/libc_nano.a(libc_a-memset.o)
 .debug_frame   0x00000000000001b8       0x20 /opt/arm/arm-gnu-toolchain-12.2.rel1-x86_64-arm-none-eabi/bin/../lib/gcc/arm-none-eabi/12.2.1/../../../../arm-none-eabi/lib/thumb/v8-m.main+fp/hard/libcr_newlib_nohost.a(_exit.o)

.debug_info     0x0000000000000000       0x62
 .debug_info    0x0000000000000000       0x62 /opt/arm/arm-gnu-toolchain-12.2.rel1-x86_64-arm-none-eabi/bin/../lib/gcc/arm-none-eabi/12.2.1/../../../../arm-none-eabi/lib/thumb/v8-m.main+fp/hard/libcr_newlib_nohost.a(_exit.o)

.debug_abbrev   0x0000000000000000       0x5d
 .debug_abbrev  0x0000000000000000       0x5d /opt/arm/arm-gnu-toolchain-12.2.rel1-x86_64-arm-none-eabi/bin/../lib/gcc/arm-none-eabi/12.2.1/../../../../arm-none-eabi/lib/thumb/v8-m.main+fp/hard/libcr_newlib_nohost.a(_exit.o)

.debug_loclists
                0x0000000000000000       0x17
 .debug_loclists
                0x0000000000000000       0x17 /opt/arm/arm-gnu-toolchain-12.2.rel1-x86_64-arm-none-eabi/bin/../lib/gcc/arm-none-eabi/12.2.1/../../../../arm-none-eabi/lib/thumb/v8-m.main+fp/hard/libcr_newlib_nohost.a(_exit.o)

.debug_aranges  0x0000000000000000       0x20
 .debug_aranges
                0x0000000000000000       0x20 /opt/arm/arm-gnu-toolchain-12.2.rel1-x86_64-arm-none-eabi/bin/../lib/gcc/arm-none-eabi/12.2.1/../../../../arm-none-eabi/lib/thumb/v8-m.main+fp/hard/libcr_newlib_nohost.a(_exit.o)

.debug_rnglists
                0x0000000000000000       0x13
 .debug_rnglists
                0x0000000000000000       0x13 /opt/arm/arm-gnu-toolchain-12.2.rel1-x86_64-arm-none-eabi/bin/../lib/gcc/arm-none-eabi/12.2.1/../../../../arm-none-eabi/lib/thumb/v8-m.main+fp/hard/libcr_newlib_nohost.a(_exit.o)

.debug_line     0x0000000000000000       0x4c
 .debug_line    0x0000000000000000       0x4c /opt/arm/arm-gnu-toolchain-12.2.rel1-x86_64-arm-none-eabi/bin/../lib/gcc/arm-none-eabi/12.2.1/../../../../arm-none-eabi/lib/thumb/v8-m.main+fp/hard/libcr_newlib_nohost.a(_exit.o)

.debug_str      0x0000000000000000      0x169
 .debug_str     0x0000000000000000      0x169 /opt/arm/arm-gnu-toolchain-12.2.rel1-x86_64-arm-none-eabi/bin/../lib/gcc/arm-none-eabi/12.2.1/../../../../arm-none-eabi/lib/thumb/v8-m.main+fp/hard/libcr_newlib_nohost.a(_exit.o)
